\BOOKMARK [1][-]{section.1}{\376\377\176\352\213\272}{}% 1
\BOOKMARK [2][-]{subsection.1.1}{\376\377\170\024\172\166\200\314\146\157}{section.1}% 2
\BOOKMARK [2][-]{subsection.1.2}{\376\377\170\024\172\166\225\356\230\230\116\016\143\021\142\030}{section.1}% 3
\BOOKMARK [2][-]{subsection.1.3}{\376\377\170\024\172\166\166\356\150\007\116\016\116\073\211\201\121\205\133\271}{section.1}% 4
\BOOKMARK [2][-]{subsection.1.4}{\376\377\147\054\145\207\116\073\211\201\135\345\117\134\116\016\215\041\163\056}{section.1}% 5
\BOOKMARK [2][-]{subsection.1.5}{\376\377\142\200\147\057\215\357\176\277\116\016\170\024\172\166\145\271\154\325}{section.1}% 6
\BOOKMARK [2][-]{subsection.1.6}{\376\377\213\272\145\207\176\323\147\204\133\211\143\222}{section.1}% 7
\BOOKMARK [1][-]{section.2}{\376\377\126\375\121\205\131\026\170\024\172\166\163\260\162\266}{}% 8
\BOOKMARK [2][-]{subsection.2.1}{\376\377\220\032\165\050\166\356\150\007\150\300\155\113\145\271\154\325\157\024\217\333}{section.2}% 9
\BOOKMARK [2][-]{subsection.2.2}{\376\377\134\017\166\356\150\007\150\300\155\113\170\024\172\166\217\333\134\125}{section.2}% 10
\BOOKMARK [2][-]{subsection.2.3}{\376\377\220\145\141\037\202\071\202\066\150\300\155\113\170\024\172\166\163\260\162\266}{section.2}% 11
\BOOKMARK [2][-]{subsection.2.4}{\376\377\163\260\147\011\135\345\117\134\166\204\116\015\215\263\116\016\147\054\145\207\122\007\121\145\160\271}{section.2}% 12
\BOOKMARK [1][-]{section.3}{\376\377\145\160\143\156\226\306\060\001\213\304\116\367\143\007\150\007\116\016\145\271\154\325\145\271\150\110}{}% 13
\BOOKMARK [2][-]{subsection.3.1}{\376\377\133\236\232\214\127\372\170\100}{section.3}% 14
\BOOKMARK [2][-]{subsection.3.2}{\376\377\145\160\143\156\226\306\116\313\176\315}{section.3}% 15
\BOOKMARK [2][-]{subsection.3.3}{\376\377\145\160\143\156\226\306\150\067\117\213\116\016\116\373\122\241\162\171\137\201}{section.3}% 16
\BOOKMARK [2][-]{subsection.3.4}{\376\377\145\160\143\156\230\204\131\004\164\006\116\016\176\337\116\000\150\074\137\017}{section.3}% 17
\BOOKMARK [2][-]{subsection.3.5}{\376\377\213\304\116\367\143\007\150\007}{section.3}% 18
\BOOKMARK [2][-]{subsection.3.6}{\376\377\143\007\150\007\220\011\142\351\117\235\143\156}{section.3}% 19
\BOOKMARK [2][-]{subsection.3.7}{\376\377\152\041\127\213\145\271\150\110}{section.3}% 20
\BOOKMARK [3][-]{subsubsection.3.7.1}{\376\377\000D\000R\000E\000N\000e\000t\377\010\116\023\230\171\145\271\154\325\377\011}{subsection.3.7}% 21
\BOOKMARK [3][-]{subsubsection.3.7.2}{\376\377\000F\000C\000O\000S\377\010\000A\000n\000c\000h\000o\000r\000-\000F\000r\000e\000e\000\040\150\300\155\113\215\357\176\277\377\011}{subsection.3.7}% 22
\BOOKMARK [3][-]{subsubsection.3.7.3}{\376\377\000Y\000O\000L\000O\0002\0006\377\010\000O\000n\000e\000-\000S\000t\000a\000g\000e\000\040\116\343\210\150\377\011}{subsection.3.7}% 23
\BOOKMARK [2][-]{subsection.3.8}{\376\377\176\337\116\000\133\236\232\214\123\117\213\256\116\016\133\236\163\260\176\246\147\137}{section.3}% 24
\BOOKMARK [1][-]{section.4}{\376\377\133\236\232\214\176\323\147\234\116\016\122\006\147\220}{}% 25
\BOOKMARK [2][-]{subsection.4.1}{\376\377\133\236\232\214\163\257\130\203\116\016\213\276\177\156}{section.4}% 26
\BOOKMARK [2][-]{subsection.4.2}{\376\377\116\011\152\041\127\213\116\073\133\371\153\324\176\323\147\234}{section.4}% 27
\BOOKMARK [2][-]{subsection.4.3}{\376\377\145\110\163\207\116\016\220\350\177\162\134\136\140\047\122\006\147\220}{section.4}% 28
\BOOKMARK [2][-]{subsection.4.4}{\376\377\152\041\127\213\220\020\230\171\122\006\147\220}{section.4}% 29
\BOOKMARK [3][-]{subsubsection.4.4.1}{\376\377\000D\000R\000E\000N\000e\000t\000\040\176\323\147\234\122\006\147\220}{subsection.4.4}% 30
\BOOKMARK [3][-]{subsubsection.4.4.2}{\376\377\000F\000C\000O\000S\000\040\176\323\147\234\122\006\147\220}{subsection.4.4}% 31
\BOOKMARK [3][-]{subsubsection.4.4.3}{\376\377\000Y\000O\000L\000O\0002\0006\000\040\176\323\147\234\122\006\147\220}{subsection.4.4}% 32
\BOOKMARK [2][-]{subsection.4.5}{\376\377\133\232\140\047\150\067\117\213\116\016\213\357\135\356\122\006\147\220}{section.4}% 33
\BOOKMARK [3][-]{subsubsection.4.5.1}{\376\377\142\020\122\237\150\300\155\113\150\067\117\213}{subsection.4.5}% 34
\BOOKMARK [3][-]{subsubsection.4.5.2}{\376\377\157\017\150\300\150\067\117\213}{subsection.4.5}% 35
\BOOKMARK [3][-]{subsubsection.4.5.3}{\376\377\213\357\150\300\150\067\117\213}{subsection.4.5}% 36
\BOOKMARK [2][-]{subsection.4.6}{\376\377\155\210\207\215\133\236\232\214}{section.4}% 37
\BOOKMARK [3][-]{subsubsection.4.6.1}{\376\377\226\010\120\074\155\210\207\215\122\006\147\220}{subsection.4.6}% 38
\BOOKMARK [3][-]{subsubsection.4.6.2}{\376\377\217\223\121\145\134\072\133\370\145\117\141\037\140\047\122\006\147\220}{subsection.4.6}% 39
\BOOKMARK [1][-]{section.5}{\376\377\174\373\176\337\227\000\154\102\122\006\147\220\060\001\213\276\213\241\116\016\133\236\163\260}{}% 40
\BOOKMARK [2][-]{subsection.5.1}{\376\377\174\373\176\337\136\372\213\276\166\356\150\007}{section.5}% 41
\BOOKMARK [2][-]{subsection.5.2}{\376\377\174\373\176\337\227\000\154\102\122\006\147\220}{section.5}% 42
\BOOKMARK [3][-]{subsubsection.5.2.1}{\376\377\122\237\200\375\227\000\154\102}{subsection.5.2}% 43
\BOOKMARK [3][-]{subsubsection.5.2.2}{\376\377\227\136\122\237\200\375\227\000\154\102}{subsection.5.2}% 44
\BOOKMARK [2][-]{subsection.5.3}{\376\377\174\373\176\337\140\073\117\123\147\266\147\204}{section.5}% 45
\BOOKMARK [2][-]{subsection.5.4}{\376\377\145\160\143\156\136\223\213\276\213\241}{section.5}% 46
\BOOKMARK [2][-]{subsection.5.5}{\376\377\143\245\123\343\213\276\213\241}{section.5}% 47
\BOOKMARK [2][-]{subsection.5.6}{\376\377\121\163\225\056\133\236\163\260\155\101\172\013}{section.5}% 48
\BOOKMARK [3][-]{subsubsection.5.6.1}{\376\377\116\373\122\241\122\033\136\372\116\016\142\147\210\114\155\101\172\013}{subsection.5.6}% 49
\BOOKMARK [3][-]{subsubsection.5.6.2}{\376\377\176\323\147\234\165\037\142\020\116\016\134\125\171\072\155\101\172\013}{subsection.5.6}% 50
\BOOKMARK [2][-]{subsection.5.7}{\376\377\174\373\176\337\133\236\163\260\145\110\147\234}{section.5}% 51
\BOOKMARK [3][-]{subsubsection.5.7.1}{\376\377\122\115\172\357\230\165\227\142\133\236\163\260\145\110\147\234}{subsection.5.7}% 52
\BOOKMARK [2][-]{subsection.5.8}{\376\377\174\373\176\337\124\315\136\224\220\037\136\246\117\030\123\026}{section.5}% 53
\BOOKMARK [3][-]{subsubsection.5.8.1}{\376\377\140\047\200\375\164\366\230\210\122\006\147\220\116\016\117\030\123\026\140\035\215\357}{subsection.5.8}% 54
\BOOKMARK [3][-]{subsubsection.5.8.2}{\376\377\136\166\210\114\143\250\164\006\116\016\152\041\127\213\230\204\122\240\217\175\147\072\122\066}{subsection.5.8}% 55
\BOOKMARK [3][-]{subsubsection.5.8.3}{\376\377\217\333\136\246\172\357\160\271\116\016\122\115\172\357\217\156\213\342\221\315\147\204}{subsection.5.8}% 56
\BOOKMARK [3][-]{subsubsection.5.8.4}{\376\377\156\062\147\323\060\001\133\130\120\250\116\016\176\323\147\234\213\277\225\356\117\030\123\026}{subsection.5.8}% 57
\BOOKMARK [3][-]{subsubsection.5.8.5}{\376\377\117\030\123\026\145\110\147\234\122\006\147\220}{subsection.5.8}% 58
\BOOKMARK [1][-]{section.6}{\376\377\140\073\176\323\116\016\134\125\147\033}{}% 59
\BOOKMARK [2][-]{subsection.6.1}{\376\377\135\345\117\134\140\073\176\323}{section.6}% 60
\BOOKMARK [2][-]{subsection.6.2}{\376\377\116\015\215\263\122\006\147\220}{section.6}% 61
\BOOKMARK [2][-]{subsection.6.3}{\376\377\147\052\147\145\134\125\147\033}{section.6}% 62
\BOOKMARK [2][-]{subsection.6.4}{\376\377\121\150\145\207\176\323\213\272}{section.6}% 63
\BOOKMARK [1][-]{subsection.6.4}{\376\377\123\302\200\003\145\207\163\056}{}% 64
\BOOKMARK [1][-]{section*.28}{\376\377\201\364\214\042}{}% 65
